// Jest Snapshot v1, https://goo.gl/fbAQLP

exports[`Should render ExpenseList with empty list 1`] = `
<div>
  <p>
    No expenses
  </p>
</div>
`;

exports[`Should render ExpenseList with expenses 1`] = `
<div>
  <ExpenseListItem
    amount={195}
    createdAt={0}
    description="Gum"
    id="1"
    note=""
  />
  <ExpenseListItem
    amount={1950}
    createdAt={-345600000}
    description="Rent"
    id="2"
    note=""
  />
  <ExpenseListItem
    amount={10}
    createdAt={345600000}
    description="Credit card"
    id="3"
    note=""
  />
</div>
`;
